
Connected to: Oracle Database 11g Express Edition Release 11.2.0.2.0 - 64bit Production
Export done in WE8MSWIN1252 character set and AL16UTF16 NCHAR character set
server uses AL32UTF8 character set (possible charset conversion)
. exporting pre-schema procedural objects and actions
. exporting foreign function library names for user POKEDB 
. exporting PUBLIC type synonyms
. exporting private type synonyms
. exporting object type definitions for user POKEDB 
About to export POKEDB's objects ...
. exporting database links
. exporting sequence numbers
. exporting cluster definitions
. about to export POKEDB's tables via Conventional Path ...
. . exporting table                      ABILITIES        306 rows exported
EXP-00091: Exporting questionable statistics.
EXP-00091: Exporting questionable statistics.
. . exporting table         EVOLUTION_REQUIREMENTS        547 rows exported
EXP-00091: Exporting questionable statistics.
EXP-00091: Exporting questionable statistics.
. . exporting table                        POKEMON       1025 rows exported
EXP-00091: Exporting questionable statistics.
EXP-00091: Exporting questionable statistics.
. . exporting table              POKEMON_ABILITIES       2398 rows exported
EXP-00091: Exporting questionable statistics.
EXP-00091: Exporting questionable statistics.
. . exporting table             POKEMON_EVOLUTIONS        484 rows exported
EXP-00091: Exporting questionable statistics.
EXP-00091: Exporting questionable statistics.
. . exporting table                  POKEMON_TYPES       1551 rows exported
EXP-00091: Exporting questionable statistics.
EXP-00091: Exporting questionable statistics.
. . exporting table             TYPE_EFFECTIVENESS        119 rows exported
EXP-00091: Exporting questionable statistics.
. . exporting table                          TYPES         19 rows exported
EXP-00091: Exporting questionable statistics.
EXP-00091: Exporting questionable statistics.
. exporting synonyms
. exporting views
. exporting stored procedures
. exporting operators
. exporting referential integrity constraints
. exporting triggers
. exporting indextypes
. exporting bitmap, functional and extensible indexes
. exporting posttables actions
. exporting materialized views
. exporting snapshot logs
. exporting job queues
. exporting refresh groups and children
. exporting dimensions
. exporting post-schema procedural objects and actions
. exporting statistics
Export terminated successfully with warnings.
